// Jest Snapshot v1, https://goo.gl/fbAQLP

exports[`ArticleList renders correctly 1`] = `
<div>
  <div
    style={
      Object {
        "borderBottomColor": "#aaa",
        "borderBottomStyle": "solid",
        "borderBottomWidth": 1,
        "marginBottom": 10,
        "paddingBottom": 10,
      }
    }
  >
    <div
      style={
        Object {
          "color": "rgb(129, 4, 4)",
          "fontWeight": "bold",
        }
      }
    />
    <div
      style={
        Object {
          "color": "#987154",
          "fontSize": "0.8em",
        }
      }
    >
      Invalid Date
    </div>
    <div
      style={
        Object {
          "paddingBottom": 10,
          "paddingTop": 10,
        }
      }
    >
      <a
        style={
          Object {
            "color": "rgb(255, 92, 92)",
            "fontStyle": "italic",
          }
        }
      >
         
      </a>
    </div>
    <div
      style={
        Object {
          "paddingLeft": 20,
        }
      }
    />
  </div>
  <div
    style={
      Object {
        "borderBottomColor": "#aaa",
        "borderBottomStyle": "solid",
        "borderBottomWidth": 1,
        "marginBottom": 10,
        "paddingBottom": 10,
      }
    }
  >
    <div
      style={
        Object {
          "color": "rgb(129, 4, 4)",
          "fontWeight": "bold",
        }
      }
    />
    <div
      style={
        Object {
          "color": "#987154",
          "fontSize": "0.8em",
        }
      }
    >
      Invalid Date
    </div>
    <div
      style={
        Object {
          "paddingBottom": 10,
          "paddingTop": 10,
        }
      }
    >
      <a
        style={
          Object {
            "color": "rgb(255, 92, 92)",
            "fontStyle": "italic",
          }
        }
      >
         
      </a>
    </div>
    <div
      style={
        Object {
          "paddingLeft": 20,
        }
      }
    />
  </div>
</div>
`;
